
Note: No compatibility mode selected!

warning, can't find model 'cc' from line
    cc net5 net6 cc
warning, can't find model 'cload' from line
    cl net6 0 cload

Circuit: two_stage_amp test

Doing analysis at TEMP = 27.000000 and TNOM = 27.000000

Using SPARSE 1.3 as Direct Linear Solver
Warning: toxe, toxp and dtox all given and toxe != toxp + dtox; dtox ignored.

Checking parameters for BSIM 4.5 model nmos
Warning: ckappas = 0.01 is too small.
Warning: ckappad = 0.01 is too small.
Warning: toxe, toxp and dtox all given and toxe != toxp + dtox; dtox ignored.

No. of Data Rows : 101
Doing analysis at TEMP = 27.000000 and TNOM = 27.000000

Using SPARSE 1.3 as Direct Linear Solver
Warning: toxe, toxp and dtox all given and toxe != toxp + dtox; dtox ignored.

Checking parameters for BSIM 4.5 model nmos
Warning: ckappas = 0.01 is too small.
Warning: ckappad = 0.01 is too small.
Warning: toxe, toxp and dtox all given and toxe != toxp + dtox; dtox ignored.

No. of Data Rows : 1
Note: Simulation executed from .control section 
