test_accepts_numeric_objects (tests.test_constrained_json.GrammarTests.test_accepts_numeric_objects) ... ok
test_rejects_typos_injections_and_truncation (tests.test_constrained_json.GrammarTests.test_rejects_typos_injections_and_truncation) ... ok
test_schema_is_task_specific_and_bounds_are_separate (tests.test_constrained_json.GrammarTests.test_schema_is_task_specific_and_bounds_are_separate) ... ok
test_jitted_sampler_blocks_highest_logit_typo (tests.test_constrained_json.SamplerTests.test_jitted_sampler_blocks_highest_logit_typo) ... ok
test_real_token_paths_and_typo_are_distinguished (tests.test_constrained_json.SamplerTests.test_real_token_paths_and_typo_are_distinguished) ... ok
test_actual_grpo_actor_anchor_reference_and_gradient (tests.test_constrained_training.TrainingConstraintsTests.test_actual_grpo_actor_anchor_reference_and_gradient) ... ok
test_multiturn_feedback_padding_and_schema_isolation (tests.test_constrained_training.TrainingConstraintsTests.test_multiturn_feedback_padding_and_schema_isolation) ... ok
test_probabilities_normalized_temperature_and_forbidden_gradient (tests.test_constrained_training.TrainingConstraintsTests.test_probabilities_normalized_temperature_and_forbidden_gradient) ... ok
test_actual_completion_guard_detects_trimmed_or_unexpected_stop_tokens (tests.test_chat_format.ChatFormatTests.test_actual_completion_guard_detects_trimmed_or_unexpected_stop_tokens) ... ok
test_assistant_mask_has_no_duplicate_role_header (tests.test_chat_format.ChatFormatTests.test_assistant_mask_has_no_duplicate_role_header) ... ok
test_context_limit_is_checked_without_generation (tests.test_chat_format.ChatFormatTests.test_context_limit_is_checked_without_generation) ... ok
test_full_history_matches_reference_and_does_not_mutate (tests.test_chat_format.ChatFormatTests.test_full_history_matches_reference_and_does_not_mutate) ... ok
test_incremental_training_tokens_match_full_inference_prompt (tests.test_chat_format.ChatFormatTests.test_incremental_training_tokens_match_full_inference_prompt) ... ok
test_installed_collector_preserves_tokens_masks_and_prompt_history (tests.test_chat_format.ChatFormatTests.test_installed_collector_preserves_tokens_masks_and_prompt_history) ... ok
test_startup_gate_rejects_old_formatter (tests.test_chat_format.ChatFormatTests.test_startup_gate_rejects_old_formatter) ... ok
test_batched_task_id_is_normalized_before_http_serialization (tests.test_training.TrainingTests.test_batched_task_id_is_normalized_before_http_serialization) ... ok
test_batches_are_reproducible_and_contain_no_answers (tests.test_training.TrainingTests.test_batches_are_reproducible_and_contain_no_answers) ... ok
test_capacity_and_mode_mismatch_release (tests.test_training.TrainingTests.test_capacity_and_mode_mismatch_release) ... ok
test_catalog_detects_hash_change_and_group_leakage (tests.test_training.TrainingTests.test_catalog_detects_hash_change_and_group_leakage) ... ok
test_concurrent_retries_run_simulator_once (tests.test_training.TrainingTests.test_concurrent_retries_run_simulator_once) ... ok
test_episode_total_is_final_score_and_budget_cap_is_visible (tests.test_training.TrainingTests.test_episode_total_is_final_score_and_budget_cap_is_visible) ... ok
test_http_auth_and_catalog_hide_private_paths (tests.test_training.TrainingTests.test_http_auth_and_catalog_hide_private_paths) ... ok
test_infrastructure_exception_does_not_become_model_reward (tests.test_training.TrainingTests.test_infrastructure_exception_does_not_become_model_reward) ... ok
test_invalid_action_spends_budget_and_gets_negative_reward (tests.test_training.TrainingTests.test_invalid_action_spends_budget_and_gets_negative_reward) ... ok
test_markdown_rejected_with_format_feedback_then_raw_json_reaches_evaluator (tests.test_training.TrainingTests.test_markdown_rejected_with_format_feedback_then_raw_json_reaches_evaluator) ... ok
test_requirement_group_ignores_numeric_formatting_and_starting_sizes (tests.test_training.TrainingTests.test_requirement_group_ignores_numeric_formatting_and_starting_sizes) ... ok
test_retry_is_idempotent_but_changed_action_is_rejected (tests.test_training.TrainingTests.test_retry_is_idempotent_but_changed_action_is_rejected) ... ok
test_training_rejects_smoke_catalog (tests.test_training.TrainingTests.test_training_rejects_smoke_catalog) ... ok
test_training_requires_existing_qualification (tests.test_training.TrainingTests.test_training_requires_existing_qualification) ... ok
test_trajectory_keeps_raw_response_feedback_and_episode_identity (tests.test_training.TrainingTests.test_trajectory_keeps_raw_response_feedback_and_episode_identity) ... ok
test_changed_source_is_rejected_before_opening_checkpoint (tests.test_training_run_controls.RestoreBindingTests.test_changed_source_is_rejected_before_opening_checkpoint) ... ok
test_completed_source_requires_final_step_metadata_and_hash (tests.test_training_run_controls.RestoreBindingTests.test_completed_source_requires_final_step_metadata_and_hash) ... ok
test_incomplete_source_is_explicit_and_still_requires_bound_checkpoint (tests.test_training_run_controls.RestoreBindingTests.test_incomplete_source_is_explicit_and_still_requires_bound_checkpoint) ... ok
test_rejects_different_base_lora_root_and_nontraining_source (tests.test_training_run_controls.RestoreBindingTests.test_rejects_different_base_lora_root_and_nontraining_source) ... ok
test_restore_uses_latest_lora_only_and_always_closes_manager (tests.test_training_run_controls.RestoreBindingTests.test_restore_uses_latest_lora_only_and_always_closes_manager) ... ok
test_source_pins_base_revision_without_changing_requested_config (tests.test_training_run_controls.RestoreBindingTests.test_source_pins_base_revision_without_changing_requested_config) ... ok
test_cli_controls_are_explicit_and_do_not_enable_training_resume (tests.test_training_run_controls.RunControlTests.test_cli_controls_are_explicit_and_do_not_enable_training_resume) ... ok
test_cluster_closes_once_for_upstream_close_and_exception (tests.test_training_run_controls.RunControlTests.test_cluster_closes_once_for_upstream_close_and_exception) ... ok
test_final_save_retains_binding_and_releases_resources_on_failure (tests.test_training_run_controls.RunControlTests.test_final_save_retains_binding_and_releases_resources_on_failure) ... ok
test_limit_preserves_frozen_catalog_and_is_order_independent (tests.test_training_run_controls.RunControlTests.test_limit_preserves_frozen_catalog_and_is_order_independent) ... ok
test_two_update_plan_counts_step_zero_validation (tests.test_training_run_controls.RunControlTests.test_two_update_plan_counts_step_zero_validation) ... ok
test_concurrent_calls_do_not_reuse_seeds (tests.test_generation_seeds.GenerationSeedTests.test_concurrent_calls_do_not_reuse_seeds) ... ok
test_failure_consumes_seed_and_existing_ledger_is_preserved (tests.test_generation_seeds.GenerationSeedTests.test_failure_consumes_seed_and_existing_ledger_is_preserved) ... ok
test_generation_transcript_preserves_prompt_and_raw_model_text (tests.test_generation_seeds.GenerationSeedTests.test_generation_transcript_preserves_prompt_and_raw_model_text) ... ok
test_identical_prompts_get_distinct_reproducible_seeds_without_config_mutation (tests.test_generation_seeds.GenerationSeedTests.test_identical_prompts_get_distinct_reproducible_seeds_without_config_mutation) ... ok
test_invalid_seed_and_exhaustion_rejected (tests.test_generation_seeds.GenerationSeedTests.test_invalid_seed_and_exhaustion_rejected) ... ok
test_repeated_episodes_are_explicit_and_do_not_change_task_selection (tests.test_generation_seeds.GenerationSeedTests.test_repeated_episodes_are_explicit_and_do_not_change_task_selection) ... ok
test_single_string_prompt_logs_one_prompt_not_characters (tests.test_generation_seeds.GenerationSeedTests.test_single_string_prompt_logs_one_prompt_not_characters) ... ok
test_training_alignment_failure_preserves_raw_reply_and_stops (tests.test_generation_seeds.GenerationSeedTests.test_training_alignment_failure_preserves_raw_reply_and_stops) ... ok
test_continuation_preserves_episode_numbers (tests.test_prompt_comparison.PromptComparisonTests.test_continuation_preserves_episode_numbers) ... ok
test_exploration_preserves_observation_without_repeated_answer_example (tests.test_prompt_comparison.PromptComparisonTests.test_exploration_preserves_observation_without_repeated_answer_example) ... ok
test_pairing_survives_early_termination_and_changes_between_episodes (tests.test_prompt_comparison.PromptComparisonTests.test_pairing_survives_early_termination_and_changes_between_episodes) ... ok
test_catalog_cannot_include_test_or_smoke (tests.test_research_pilot.ResearchPilotTests.test_catalog_cannot_include_test_or_smoke) ... ok
test_complete_bindings_and_current_config_are_required (tests.test_research_pilot.ResearchPilotTests.test_complete_bindings_and_current_config_are_required) ... ok
test_conflicting_evidence_cannot_override_an_input_binding (tests.test_research_pilot.ResearchPilotTests.test_conflicting_evidence_cannot_override_an_input_binding) ... ok
test_draft_cannot_start_worker_or_claim_usage (tests.test_research_pilot.ResearchPilotTests.test_draft_cannot_start_worker_or_claim_usage) ... ok
test_expiry_and_missing_authorization_identity_rejected (tests.test_research_pilot.ResearchPilotTests.test_expiry_and_missing_authorization_identity_rejected) ... ok
test_expiry_while_alive_blocks_work_and_concurrent_creates_obey_cap (tests.test_research_pilot.ResearchPilotTests.test_expiry_while_alive_blocks_work_and_concurrent_creates_obey_cap) ... ok
test_failed_physical_attempt_is_reserved_and_restart_cannot_reset_caps (tests.test_research_pilot.ResearchPilotTests.test_failed_physical_attempt_is_reserved_and_restart_cannot_reset_caps) ... ok
test_manifest_mutation_while_alive_blocks_next_attempt (tests.test_research_pilot.ResearchPilotTests.test_manifest_mutation_while_alive_blocks_next_attempt) ... ok
test_normal_training_gate_is_unchanged_and_manifest_cannot_be_smuggled (tests.test_research_pilot.ResearchPilotTests.test_normal_training_gate_is_unchanged_and_manifest_cannot_be_smuggled) ... ok
test_server_caps_attempts_retries_and_closed_episodes (tests.test_research_pilot.ResearchPilotTests.test_server_caps_attempts_retries_and_closed_episodes) ... ok
test_task_hash_changes_rejected (tests.test_research_pilot.ResearchPilotTests.test_task_hash_changes_rejected) ... ok
test_total_attempt_cap_cannot_be_bypassed_with_new_episodes (tests.test_research_pilot.ResearchPilotTests.test_total_attempt_cap_cannot_be_bypassed_with_new_episodes) ... ok
test_trainer_binds_exact_worker_config_and_qualification_scope (tests.test_research_pilot.ResearchPilotTests.test_trainer_binds_exact_worker_config_and_qualification_scope) ... ok
test_accumulated_update_matches_full_group (tests.test_sequence_microbatches.SequenceMicrobatchTests.test_accumulated_update_matches_full_group) ... ok
test_empty_response_mask_is_rejected_without_changing_loss_normalization (tests.test_sequence_microbatches.SequenceMicrobatchTests.test_empty_response_mask_is_rejected_without_changing_loss_normalization) ... ok
test_wrapper_splits_train_and_eval_and_rejects_partial_group (tests.test_sequence_microbatches.SequenceMicrobatchTests.test_wrapper_splits_train_and_eval_and_rejects_partial_group) ... ok

----------------------------------------------------------------------
Ran 68 tests in 11.256s

OK
