
Note: Compatibility modes selected: hs a

Warning: m=xx on .subckt line will override multiplier m hierarchy!


Circuit: fan_smc_sizing_v1 - controlled evaluation

option SCALE: Scale is set to 1e-06 for instance and model parameters
Doing analysis at TEMP = 27.000000 and TNOM = 27.000000

Using SPARSE 1.3 as Direct Linear Solver
Note: Starting dynamic gmin stepping
Note: Dynamic gmin stepping completed

Initial Transient Solution
--------------------------

Node                                   Voltage
----                                   -------
vdd                                        1.8
signal                                     0.3
out                                   0.298795
xamp.net050                           0.605339
xamp.net049                           0.688524
xamp.net013                           0.687849
xamp.net043                           0.787292
xamp.voutn                            0.726461
xamp.net063                           0.112004
xamp.net31                             1.68876
xamp.dm_2                             0.113042
xamp.vb3                              0.786084
xamp.dm_1                             0.691526
xamp.vb4                              0.691526
xamp.net54                           0.0918017
xamp.net56                           0.0918017
vin#branch                                   0
vdd#branch                        -0.000266893


No. of Data Rows : 10020
check_rise_cross_result=  5.16162e-06
check_fall_cross_result=  2.51212e-05
check_tracking_before_result=  1.20455e-03 at=  3.20000e-09
check_tracking_high_result=  1.79370e-03 at=  2.32725e-05
check_tracking_low_result=  1.20455e-03 at=  4.75525e-05
ngspice-47 done
