
Note: No compatibility mode selected!


Circuit: two_stage_amp test

Doing analysis at TEMP = 85.000000 and TNOM = 27.000000

Using SPARSE 1.3 as Direct Linear Solver
Warning: toxe, toxp and dtox all given and toxe != toxp + dtox; dtox ignored.

Checking parameters for BSIM 4.5 model nmos
Warning: ckappas = 0.01 is too small.
Warning: ckappad = 0.01 is too small.
Warning: toxe, toxp and dtox all given and toxe != toxp + dtox; dtox ignored.

No. of Data Rows : 1
v(net6) = 6.758780430713216e-01
Doing analysis at TEMP = 85.000000 and TNOM = 27.000000

Using SPARSE 1.3 as Direct Linear Solver
Warning: toxe, toxp and dtox all given and toxe != toxp + dtox; dtox ignored.

Checking parameters for BSIM 4.5 model nmos
Warning: ckappas = 0.01 is too small.
Warning: ckappad = 0.01 is too small.
Warning: toxe, toxp and dtox all given and toxe != toxp + dtox; dtox ignored.

No. of Data Rows : 1001
check_gain_db_result=  4.81851e+01
check_unity_hz_result=  2.66418e+06
check_margin_deg_result=  6.09629e+01
ngspice-47 done
