E0917 05:13:39.257634  335181 hugepage_text.cc:344] RAW: File offset incorrectly aligned for file-backed THP: (600000 & ~ffffffffffe00000) = 0 != 1000 = (201000 & ~ffffffffffe00000)
/home/cheriearjun/AnalogDesignRL/.venv-tpu/lib/python3.12/site-packages/qwix/_src/providers/lora.py:44: UserWarning: rngs must be provided for NNX models to initialize LoRA weights. Please specify rngs=nnx.Rngs(...) in apply_lora_to_model.
  warnings.warn(
WARNING:absl:CheckpointManagerOptions.read_only=True, setting save_interval_steps=0.
WARNING:absl:Given directory is read only=/home/cheriearjun/AnalogDesignRL/runs/research_pilot_007/train/checkpoints/actor
WARNING:absl:Reference model and actor model are colocated but do not share the same backbone. This will result in an unnecessary model copy and increased HBM usage.
Traceback (most recent call last):
  File "<frozen runpy>", line 198, in _run_module_as_main
  File "<frozen runpy>", line 88, in _run_code
  File "/home/cheriearjun/AnalogDesignRL/training/train.py", line 669, in <module>
    main()
  File "/home/cheriearjun/AnalogDesignRL/training/train.py", line 611, in main
    key_grammar.validate(response)
  File "/home/cheriearjun/AnalogDesignRL/training/constrained_json.py", line 102, in validate
    obj=json.loads(text,object_pairs_hook=unique)
        ^^^^^^^^^^^^^^^^^^^^^^^^^^^^^^^^^^^^^^^^^
  File "/home/cheriearjun/AnalogDesignRL/.deps/python/cpython-3.12.14-linux-x86_64-gnu/lib/python3.12/json/__init__.py", line 359, in loads
    return cls(**kw).decode(s)
           ^^^^^^^^^^^^^^^^^^^
  File "/home/cheriearjun/AnalogDesignRL/.deps/python/cpython-3.12.14-linux-x86_64-gnu/lib/python3.12/json/decoder.py", line 338, in decode
    obj, end = self.raw_decode(s, idx=_w(s, 0).end())
               ^^^^^^^^^^^^^^^^^^^^^^^^^^^^^^^^^^^^^^
  File "/home/cheriearjun/AnalogDesignRL/.deps/python/cpython-3.12.14-linux-x86_64-gnu/lib/python3.12/json/decoder.py", line 354, in raw_decode
    obj, end = self.scan_once(s, idx)
               ^^^^^^^^^^^^^^^^^^^^^^
  File "/home/cheriearjun/AnalogDesignRL/training/constrained_json.py", line 99, in unique
    if k in out: raise ValueError('Duplicate parameter key')
                 ^^^^^^^^^^^^^^^^^^^^^^^^^^^^^^^^^^^^^^^^^^^
ValueError: Duplicate parameter key
