
Note: Compatibility modes selected: hs a

Warning: m=xx on .subckt line will override multiplier m hierarchy!


Circuit: fan_smc_sizing_v1 - controlled evaluation

option SCALE: Scale is set to 1e-06 for instance and model parameters
Doing analysis at TEMP = 27.000000 and TNOM = 27.000000

Using SPARSE 1.3 as Direct Linear Solver
Note: Starting dynamic gmin stepping
Note: Dynamic gmin stepping completed

No. of Data Rows : 1
check_power_result = 4.804077582487e-04
check_dc_error_result = 1.204546363897e-03
Doing analysis at TEMP = 27.000000 and TNOM = 27.000000

Using SPARSE 1.3 as Direct Linear Solver
Note: Starting dynamic gmin stepping
Note: Dynamic gmin stepping completed

No. of Data Rows : 1001
check_gain_db_result=  1.10527e+02
check_unity_hz_result=  3.57649e+06
check_margin_deg_result=  8.84894e+01
ngspice-47 done
