
Note: Compatibility modes selected: hs a

Warning: m=xx on .subckt line will override multiplier m hierarchy!


Circuit: autockt_two_stage_sizing_v1 - controlled evaluation

option SCALE: Scale is set to 1e-06 for instance and model parameters
Doing analysis at TEMP = 27.000000 and TNOM = 27.000000

Using SPARSE 1.3 as Direct Linear Solver
Note: Starting dynamic gmin stepping
Note: Dynamic gmin stepping completed

No. of Data Rows : 1
check_power_result = 4.300964028870e-04
check_dc_error_result = 2.000694525760e-04
Doing analysis at TEMP = 27.000000 and TNOM = 27.000000

Using SPARSE 1.3 as Direct Linear Solver
Note: Starting dynamic gmin stepping
Note: Dynamic gmin stepping completed

No. of Data Rows : 1001
check_gain_db_result=  7.93520e+01
check_unity_hz_result=  3.79864e+06
check_margin_deg_result=  6.38610e+01
ngspice-47 done
